     1                                  ; hello.asm
     2                                  	; section .data
     3                                  
     4                                  	section .text
     5 00000000 68656C6C6F2C20776F-     	msg     db "hello, world", 0Ah, 0
     5 00000009 726C640A00         
     6                                  	global _start
     7                                  
     8                                  extern print
     9                                  
    10                                  _start:
    11                                  	; mov rax, 1     ; write
    12                                  	; mov rdi, 1     ; stdout
    13                                  	; mov rsi, msg   ; buffer
    14                                  	; mov rdx, 12    ; size
    15                                  	; syscall
    16 0000000E 68[00000000]            	push msg
    17 00000013 E8(00000000)            	call print
    18 00000018 B83C000000              	mov rax, 60
    19 0000001D BF00000000              	mov rdi, 0
    20 00000022 0F05                    	syscall
